Done.
Combined normalized file written to: C:\Users\Sara\Bachelor_Thesis_SK\scrapy_crawler\scrapy_crawler\spider_outputs\faculty_programs_normalized.json
Total normalized entries: 130
Theology normalized entries: 0
Law normalized entries: 11
SCIMED normalized entries: 90
EDUFORM normalized entries: 0
Nebenfach entries: 34
SCIMED +30 ignored entries: 0

================================================================================
2026-05-21T07:58:09
Step 15: merge: normalize faculty JSONs
Attempt 1/1
CWD: C:\Users\Sara\Bachelor_Thesis_SK
CMD: C:\Program Files\Python313\python.exe C:\Users\Sara\Bachelor_Thesis_SK\DB_service\src\import\normalize_faculty_jsons.py --input-dir C:\Users\Sara\Bachelor_Thesis_SK\scrapy_crawler\scrapy_crawler\spider_outputs\faculty_programs --out C:\Users\Sara\Bachelor_Thesis_SK\scrapy_crawler\scrapy_crawler\spider_outputs\faculty_programs_normalized.json
================================================================================
Done.
Combined normalized file written to: C:\Users\Sara\Bachelor_Thesis_SK\scrapy_crawler\scrapy_crawler\spider_outputs\faculty_programs_normalized.json
Total normalized entries: 244
Theology normalized entries: 21
Law normalized entries: 11
SCIMED normalized entries: 90
EDUFORM normalized entries: 13
Nebenfach entries: 54
SCIMED +30 ignored entries: 0

================================================================================
2026-05-21T14:00:09
Step 15: merge: normalize faculty JSONs
Attempt 1/1
CWD: C:\Users\Sara\Bachelor_Thesis_SK
CMD: C:\Program Files\Python313\python.exe C:\Users\Sara\Bachelor_Thesis_SK\DB_service\src\import\normalize_faculty_jsons.py --input-dir C:\Users\Sara\Bachelor_Thesis_SK\scrapy_crawler\scrapy_crawler\spider_outputs\faculty_programs --out C:\Users\Sara\Bachelor_Thesis_SK\scrapy_crawler\scrapy_crawler\spider_outputs\faculty_programs_normalized.json
================================================================================
